Package: pytest
Fetcher: github
Source:  https://github.com/ionrock/pytest-el.git

Updating /home/kimr/repos/my/melpa/working/pytest/
Built pytest in 1.125s, finished at Fri Mar 12 19:35:12 2021
 ✓ Success:
 12K -rw-rw-r-- 1 kimr kimr  12K Mar 12 19:35 packages/pytest-20200330.41.el
4.0K -rw-rw-r-- 1 kimr kimr  246 Mar 12 19:35 packages/pytest-20200330.41.entry
4.0K -rw-rw-r-- 1 kimr kimr 1.2K Mar 12 19:35 packages/pytest-badge.svg
4.0K -rw-rw-r-- 1 kimr kimr 1.6K Mar 12 19:35 packages/pytest-readme.txt
